[ERROR] Failed to load resource: the server responded with a status of 500 (Internal Server Error)
[PAGEERROR] ./src/app/globals.css
Error evaluating Node.js code
CssSyntaxError: tailwindcss: F:\VsCodeproject\Ace-the-CSE\src\app\globals.css:1:1: Invalid code point 13741117
    [at Input.error (turbopack:///[project]/node_modules/postcss/lib/input.js:135:16)]
    [at Root.error (turbopack:///[project]/node_modules/postcss/lib/node.js:146:32)]
    [at Object.Once (F:\VsCodeproject\Ace-the-CSE\node_modules\@tailwindcss\postcss\dist\index.js:10:6913)]
    [at async LazyResult.runAsync (turbopack:///[project]/node_modules/postcss/lib/lazy-result.js:293:11)]
    [at async transform (turbopack:///[turbopack-node]/transforms/postcss.ts:70:34)]
    [at async run (turbopack:///[turbopack-node]/child_process/evaluate.ts:89:23)]

Import trace:
  Client Component Browser:
    ./src/app/globals.css [Client Component Browser]
    ./src/app/layout.tsx [Server Component]


[ERROR] ./src/app/globals.css
Error evaluating Node.js code
CssSyntaxError: tailwindcss: F:\VsCodeproject\Ace-the-CSE\src\app\globals.css:1:1: Invalid code point 13741117
    [at Input.error (turbopack:///[project]/node_modules/postcss/lib/input.js:135:16)]
    [at Root.error (turbopack:///[project]/node_modules/postcss/lib/node.js:146:32)]
    [at Object.Once (F:\VsCodeproject\Ace-the-CSE\node_modules\@tailwindcss\postcss\dist\index.js:10:6913)]
    [at async LazyResult.runAsync (turbopack:///[project]/node_modules/postcss/lib/lazy-result.js:293:11)]
    [at async transform (turbopack:///[turbopack-node]/transforms/postcss.ts:70:34)]
    [at async run (turbopack:///[turbopack-node]/child_process/evaluate.ts:89:23)]

Import trace:
  Client Component Browser:
    ./src/app/globals.css [Client Component Browser]
    ./src/app/layout.tsx [Server Component]
[ERROR] ./src/app/globals.css
Error evaluating Node.js code
CssSyntaxError: tailwindcss: F:\VsCodeproject\Ace-the-CSE\src\app\globals.css:1:1: Invalid code point 13741117
    [at Input.error (turbopack:///[project]/node_modules/postcss/lib/input.js:135:16)]
    [at Root.error (turbopack:///[project]/node_modules/postcss/lib/node.js:146:32)]
    [at Object.Once (F:\VsCodeproject\Ace-the-CSE\node_modules\@tailwindcss\postcss\dist\index.js:10:6913)]
    [at async LazyResult.runAsync (turbopack:///[project]/node_modules/postcss/lib/lazy-result.js:293:11)]
    [at async transform (turbopack:///[turbopack-node]/transforms/postcss.ts:70:34)]
    [at async run (turbopack:///[turbopack-node]/child_process/evaluate.ts:89:23)]

Import trace:
  Client Component Browser:
    ./src/app/globals.css [Client Component Browser]
    ./src/app/layout.tsx [Server Component]
[ERROR] ./src/app/globals.css
Error evaluating Node.js code
CssSyntaxError: tailwindcss: F:\VsCodeproject\Ace-the-CSE\src\app\globals.css:1:1: Invalid code point 13741117
    [at Input.error (turbopack:///[project]/node_modules/postcss/lib/input.js:135:16)]
    [at Root.error (turbopack:///[project]/node_modules/postcss/lib/node.js:146:32)]
    [at Object.Once (F:\VsCodeproject\Ace-the-CSE\node_modules\@tailwindcss\postcss\dist\index.js:10:6913)]
    [at async LazyResult.runAsync (turbopack:///[project]/node_modules/postcss/lib/lazy-result.js:293:11)]
    [at async transform (turbopack:///[turbopack-node]/transforms/postcss.ts:70:34)]
    [at async run (turbopack:///[turbopack-node]/child_process/evaluate.ts:89:23)]

Import trace:
  Client Component Browser:
    ./src/app/globals.css [Client Component Browser]
    ./src/app/layout.tsx [Server Component]